// Jest Snapshot v1, https://goo.gl/fbAQLP

exports[`Form tests renders correctly 1`] = `
<div
  id="form"
>
  <form>
    <label>
      URL:
    </label>
    <input
      id="url"
      name="url"
      onChange={[Function]}
      placeholder="http://api.url.here"
      type="text"
      value=""
    />
    <input
      className="action"
      onClick={[Function]}
      type="submit"
      value="GO!"
    />
    <br />
    <div
      className="radio-toolbar"
    >
      <input
        checked={true}
        id="getButton"
        name="button"
        onClick={[Function]}
        type="radio"
        value="GET"
      />
      <label
        htmlFor="getButton"
      >
        GET
      </label>
      <input
        checked={false}
        id="postButton"
        name="button"
        onClick={[Function]}
        type="radio"
        value="POST"
      />
      <label
        htmlFor="postButton"
      >
        POST
      </label>
      <input
        checked={false}
        id="putButton"
        name="button"
        onClick={[Function]}
        type="radio"
        value="PUT"
      />
      <label
        htmlFor="putButton"
      >
        PUT
      </label>
      <input
        checked={false}
        id="deleteButton"
        name="button"
        onClick={[Function]}
        type="radio"
        value="DELETE"
      />
      <label
        htmlFor="deleteButton"
      >
        DELETE
      </label>
    </div>
  </form>
</div>
`;
